15:47:05 **** Incremental Build of configuration Debug for project stm32 ****
make -j12 all 
arm-none-eabi-gcc "../Core/Src/main.c" -mcpu=cortex-m3 -std=gnu11 -g3 -DDEBUG -DUSE_HAL_DRIVER -DSTM32F103xB -c -I../Core/Inc -I../Drivers/STM32F1xx_HAL_Driver/Inc/Legacy -I../Drivers/STM32F1xx_HAL_Driver/Inc -I../Drivers/CMSIS/Device/ST/STM32F1xx/Include -I../Drivers/CMSIS/Include -O0 -ffunction-sections -fdata-sections -Wall -fstack-usage -fcyclomatic-complexity -MMD -MP -MF"Core/Src/main.d" -MT"Core/Src/main.o" --specs=nano.specs -mfloat-abi=soft -mthumb -o "Core/Src/main.o"
arm-none-eabi-gcc -o "stm32.elf" @"objects.list"   -mcpu=cortex-m3 -T"C:\Users\SSAFY\Downloads\STM32F103\stm32\STM32F103C8TX_FLASH.ld" --specs=nosys.specs -Wl,-Map="stm32.map" -Wl,--gc-sections -static --specs=nano.specs -mfloat-abi=soft -mthumb -Wl,--start-group -lc -lm -Wl,--end-group
Finished building target: stm32.elf
 
arm-none-eabi-size   stm32.elf 
arm-none-eabi-objdump -h -S  stm32.elf  > "stm32.list"
   text	   data	    bss	    dec	    hex	filename
   8204	     20	   1684	   9908	   26b4	stm32.elf
Finished building: default.size.stdout
 
Finished building: stm32.list
 
15:48:10 **** Incremental Build of configuration Debug for project stm32 ****
make -j12 all 
arm-none-eabi-size   stm32.elf 
   text	   data	    bss	    dec	    hex	filename
   8204	     20	   1684	   9908	   26b4	stm32.elf
Finished building: default.size.stdout
 
16:14:46 **** Incremental Build of configuration Debug for project stm32 ****
make -j12 all 
arm-none-eabi-size   stm32.elf 
   text	   data	    bss	    dec	    hex	filename
   8204	     20	   1684	   9908	   26b4	stm32.elf
Finished building: default.size.stdout
 
