16:48:53 **** Incremental Build of configuration Debug for project CAN ****
make -j12 all 
arm-none-eabi-gcc "../Core/Console/Console.c" -mcpu=cortex-m3 -std=gnu11 -g3 -DDEBUG -DUSE_HAL_DRIVER -DSTM32F103xB -c -I../Core/Inc -ICore -I../Drivers/STM32F1xx_HAL_Driver/Inc/Legacy -I../Drivers/STM32F1xx_HAL_Driver/Inc -I../Drivers/CMSIS/Device/ST/STM32F1xx/Include -I../Drivers/CMSIS/Include -O0 -ffunction-sections -fdata-sections -Wall -fstack-usage -fcyclomatic-complexity -MMD -MP -MF"Core/Console/Console.d" -MT"Core/Console/Console.o" --specs=nano.specs -mfloat-abi=soft -mthumb -o "Core/Console/Console.o"
arm-none-eabi-gcc "../Core/CAN/CAN.c" -mcpu=cortex-m3 -std=gnu11 -g3 -DDEBUG -DUSE_HAL_DRIVER -DSTM32F103xB -c -I../Core/Inc -ICore -I../Drivers/STM32F1xx_HAL_Driver/Inc/Legacy -I../Drivers/STM32F1xx_HAL_Driver/Inc -I../Drivers/CMSIS/Device/ST/STM32F1xx/Include -I../Drivers/CMSIS/Include -O0 -ffunction-sections -fdata-sections -Wall -fstack-usage -fcyclomatic-complexity -MMD -MP -MF"Core/CAN/CAN.d" -MT"Core/CAN/CAN.o" --specs=nano.specs -mfloat-abi=soft -mthumb -o "Core/CAN/CAN.o"
arm-none-eabi-gcc -o "CAN.elf" @"objects.list"   -mcpu=cortex-m3 -T"C:\Users\SSAFY\STM32CubeIDE\workspace_CAN_1\CAN\STM32F103RBTX_FLASH.ld" --specs=nosys.specs -Wl,-Map="CAN.map" -Wl,--gc-sections -static --specs=nano.specs -mfloat-abi=soft -mthumb -Wl,--start-group -lc -lm -Wl,--end-group
Finished building target: CAN.elf
 
arm-none-eabi-size   CAN.elf 
arm-none-eabi-objdump -h -S  CAN.elf  > "CAN.list"
   text	   data	    bss	    dec	    hex	filename
   5264	     20	   1612	   6896	   1af0	CAN.elf
Finished building: default.size.stdout
 
Finished building: CAN.list
 
