17:50:22 **** Incremental Build of configuration Debug for project Normal ****
make -j12 all 
arm-none-eabi-gcc "../Core/Src/main.c" -mcpu=cortex-m3 -std=gnu11 -g3 -DDEBUG -DUSE_HAL_DRIVER -DSTM32F103xB -c -I../Core/Inc -I../Drivers/STM32F1xx_HAL_Driver/Inc/Legacy -I../Drivers/STM32F1xx_HAL_Driver/Inc -I../Drivers/CMSIS/Device/ST/STM32F1xx/Include -I../Drivers/CMSIS/Include -O0 -ffunction-sections -fdata-sections -Wall -fstack-usage -fcyclomatic-complexity -MMD -MP -MF"Core/Src/main.d" -MT"Core/Src/main.o" --specs=nano.specs -mfloat-abi=soft -mthumb -o "Core/Src/main.o"
arm-none-eabi-gcc -o "Normal.elf" @"objects.list"   -mcpu=cortex-m3 -T"C:\Users\SSAFY\Downloads\Real\Normal\STM32F103C8TX_FLASH.ld" --specs=nosys.specs -Wl,-Map="Normal.map" -Wl,--gc-sections -static --specs=nano.specs -mfloat-abi=soft -mthumb -Wl,--start-group -lc -lm -Wl,--end-group
Finished building target: Normal.elf
 
arm-none-eabi-size   Normal.elf 
arm-none-eabi-objdump -h -S  Normal.elf  > "Normal.list"
   text	   data	    bss	    dec	    hex	filename
   8512	     20	   1684	  10216	   27e8	Normal.elf
Finished building: default.size.stdout
 
Finished building: Normal.list
 

17:50:22 Build Finished. 0 errors, 0 warnings. (took 670ms)

